Microchip MPLAB XC8 Compiler V2.10 ()

Linker command line:

-W-3 --edf=C:\Program Files (x86)\Microchip\xc8\v2.10\pic\dat\en_msgs.txt \
  -cs -h+dist/default/production\UAMP_firmware.X.production.sym \
  --cmf=dist/default/production\UAMP_firmware.X.production.cmf -z \
  -Q16F15324 -oC:\Users\Gunnar\AppData\Local\Temp\se88.2 \
  --defsym=__MPLAB_BUILD=1 \
  -Mdist/default/production/UAMP_firmware.X.production.map -E1 -ver=XC8 \
  --acfsm=1493 -ASTACK=0202Ah-021EFh -pstack=STACK -ACODE=00h-07FFhx2 \
  -ASTRCODE=00h-0FFFh -ASTRING=00h-0FFhx16 -ACONST=00h-0FFhx16 \
  -AENTRY=00h-0FFhx16 -ACOMMON=070h-07Fh -ABANK0=020h-06Fh \
  -ABANK1=0A0h-0EFh -ABANK2=0120h-016Fh -ABANK3=01A0h-01EFh \
  -ABANK4=0220h-026Fh -ABANK5=02A0h-02EFh -ABANK6=0320h-032Fh \
  -ABIGRAM=02000h-021EFh \
  -ARAM=020h-06Fh,0A0h-0EFh,0120h-016Fh,01A0h-01EFh,0220h-026Fh,02A0h-02EFh,0320h-032Fh \
  -AABS1=020h-07Fh,0A0h-0EFh,0120h-016Fh,01A0h-01EFh,0220h-026Fh,02A0h-02EFh,0320h-032Fh \
  -ASFR0=00h-01Fh -ASFR1=080h-09Fh -ASFR2=0100h-011Fh -ASFR3=0180h-019Fh \
  -ASFR4=0200h-021Fh -ASFR5=0280h-029Fh -ASFR6=0300h-031Fh \
  -ASFR7=0380h-03EFh -ASFR8=0400h-046Fh -ASFR9=0480h-04EFh \
  -ASFR10=0500h-056Fh -ASFR11=0580h-05EFh -ASFR12=0600h-066Fh \
  -ASFR13=0680h-06EFh -ASFR14=0700h-076Fh -ASFR15=0780h-07EFh \
  -ASFR16=0800h-086Fh -ASFR17=0880h-08EFh -ASFR18=0900h-096Fh \
  -ASFR19=0980h-09EFh -ASFR20=0A00h-0A6Fh -ASFR21=0A80h-0AEFh \
  -ASFR22=0B00h-0B6Fh -ASFR23=0B80h-0BEFh -ASFR24=0C00h-0C6Fh \
  -ASFR25=0C80h-0CEFh -ASFR26=0D00h-0D6Fh -ASFR27=0D80h-0DEFh \
  -ASFR28=0E00h-0E6Fh -ASFR29=0E80h-0EEFh -ASFR30=0F00h-0F6Fh \
  -ASFR31=0F80h-0FEFh -ASFR32=01000h-0106Fh -ASFR33=01080h-010EFh \
  -ASFR34=01100h-0116Fh -ASFR35=01180h-011EFh -ASFR36=01200h-0126Fh \
  -ASFR37=01280h-012EFh -ASFR38=01300h-0136Fh -ASFR39=01380h-013EFh \
  -ASFR40=01400h-0146Fh -ASFR41=01480h-014EFh -ASFR42=01500h-0156Fh \
  -ASFR43=01580h-015EFh -ASFR44=01600h-0166Fh -ASFR45=01680h-016EFh \
  -ASFR46=01700h-0176Fh -ASFR47=01780h-017EFh -ASFR48=01800h-0186Fh \
  -ASFR49=01880h-018EFh -ASFR50=01900h-0196Fh -ASFR51=01980h-019EFh \
  -ASFR52=01A00h-01A6Fh -ASFR53=01A80h-01AEFh -ASFR54=01B00h-01B6Fh \
  -ASFR55=01B80h-01BEFh -ASFR56=01C00h-01C6Fh -ASFR57=01C80h-01CEFh \
  -ASFR58=01D00h-01D6Fh -ASFR59=01D80h-01DEFh -ASFR60=01E00h-01E6Fh \
  -ASFR61=01E80h-01EEFh -ASFR62=01F00h-01F6Fh -ASFR63=01F80h-01FEFh \
  -preset_vec=00h,intentry=04h,init,end_init -ppowerup=CODE -pcinit=CODE \
  -pfunctab=ENTRY -ACONFIG=08007h-0800Bh -pconfig=CONFIG -DCONFIG=2 \
  -AIDLOC=08000h-08003h -pidloc=IDLOC -DIDLOC=2 -DCODE=2 -DSTRCODE=2 \
  -DSTRING=2 -DCONST=2 -DENTRY=2 -k \
  C:\Users\Gunnar\AppData\Local\Temp\se88.o \
  dist/default/production\UAMP_firmware.X.production.o 

Object code version is 3.11

Machine type is 16F15324



                Name                               Link     Load   Length Selector   Space Scale
C:\Users\Gunnar\AppData\Local\Temp\se88.o
                end_init                             1C       1C        2        8       0
                reset_vec                             0        0        2        0       0
                config                             8007     8007        5    1000E       0
dist/default/production\UAMP_firmware.X.production.o
                cinit                                1E       1E       1C        8       0
                intentry                              4        4       18        8       0
                text16                              327      327       5A        8       0
                text15                              381      381       2E        8       0
                text14                              469      469        C        8       0
                text13                              4AC      4AC        6        8       0
                text12                              4A6      4A6        6        8       0
                text11                              491      491        8        8       0
                text10                              455      455       14        8       0
                text9                               3FB      3FB       25        8       0
                text8                               3AF      3AF       27        8       0
                text7                               3D6      3D6       25        8       0
                text6                               47F      47F        A        8       0
                text5                               420      420       1F        8       0
                text4                               489      489        8        8       0
                text3                               499      499        7        8       0
                text2                               475      475        A        8       0
                text1                               43F      43F       16        8       0
                maintext                             3A       3A      2ED        8       0
                cstackBANK0                          3D       3D        9       20       1
                cstackCOMMON                         70       70        E       70       1
                clrtext                             4A0      4A0        6        8       0
                dataBANK0                            46       46        4       20       1
                bssBANK0                             20       20       1D       20       1
                idataBANK0                          4B2      4B2        4        8       0

TOTAL           Name                               Link     Load   Length     Space
        CLASS   STACK          

        CLASS   CODE           
                end_init                             1C       1C        2         0
                cinit                                1E       1E       1C         0
                intentry                              4        4       18         0
                reset_vec                             0        0        2         0
                text16                              327      327       5A         0
                text15                              381      381       2E         0
                text14                              469      469        C         0
                text13                              4AC      4AC        6         0
                text12                              4A6      4A6        6         0
                text11                              491      491        8         0
                text10                              455      455       14         0
                text9                               3FB      3FB       25         0
                text8                               3AF      3AF       27         0
                text7                               3D6      3D6       25         0
                text6                               47F      47F        A         0
                text5                               420      420       1F         0
                text4                               489      489        8         0
                text3                               499      499        7         0
                text2                               475      475        A         0
                text1                               43F      43F       16         0
                maintext                             3A       3A      2ED         0
                clrtext                             4A0      4A0        6         0
                idataBANK0                          4B2      4B2        4         0

        CLASS   STRCODE        

        CLASS   STRING         

        CLASS   CONST          

        CLASS   ENTRY          

        CLASS   COMMON         
                cstackCOMMON                         70       70        E         1

        CLASS   BANK0          
                cstackBANK0                          3D       3D        9         1
                dataBANK0                            46       46        4         1
                bssBANK0                             20       20       1D         1

        CLASS   BANK1          

        CLASS   BANK2          

        CLASS   BANK3          

        CLASS   BANK4          

        CLASS   BANK5          

        CLASS   BANK6          

        CLASS   BIGRAM         

        CLASS   RAM            

        CLASS   ABS1           
                abs_s1                               7E       7E        2         1

        CLASS   SFR0           

        CLASS   SFR1           

        CLASS   SFR2           

        CLASS   SFR3           

        CLASS   SFR4           

        CLASS   SFR5           

        CLASS   SFR6           

        CLASS   SFR7           

        CLASS   SFR8           

        CLASS   SFR9           

        CLASS   SFR10          

        CLASS   SFR11          

        CLASS   SFR12          

        CLASS   SFR13          

        CLASS   SFR14          

        CLASS   SFR15          

        CLASS   SFR16          

        CLASS   SFR17          

        CLASS   SFR18          

        CLASS   SFR19          

        CLASS   SFR20          

        CLASS   SFR21          

        CLASS   SFR22          

        CLASS   SFR23          

        CLASS   SFR24          

        CLASS   SFR25          

        CLASS   SFR26          

        CLASS   SFR27          

        CLASS   SFR28          

        CLASS   SFR29          

        CLASS   SFR30          

        CLASS   SFR31          

        CLASS   SFR32          

        CLASS   SFR33          

        CLASS   SFR34          

        CLASS   SFR35          

        CLASS   SFR36          

        CLASS   SFR37          

        CLASS   SFR38          

        CLASS   SFR39          

        CLASS   SFR40          

        CLASS   SFR41          

        CLASS   SFR42          

        CLASS   SFR43          

        CLASS   SFR44          

        CLASS   SFR45          

        CLASS   SFR46          

        CLASS   SFR47          

        CLASS   SFR48          

        CLASS   SFR49          

        CLASS   SFR50          

        CLASS   SFR51          

        CLASS   SFR52          

        CLASS   SFR53          

        CLASS   SFR54          

        CLASS   SFR55          

        CLASS   SFR56          

        CLASS   SFR57          

        CLASS   SFR58          

        CLASS   SFR59          

        CLASS   SFR60          

        CLASS   SFR61          

        CLASS   SFR62          

        CLASS   SFR63          

        CLASS   CONFIG         
                config                             8007     8007        5         0

        CLASS   IDLOC          

        CLASS   BANK63         

        CLASS   BANK62         

        CLASS   BANK61         

        CLASS   BANK60         

        CLASS   BANK59         

        CLASS   BANK58         

        CLASS   BANK57         

        CLASS   BANK56         

        CLASS   BANK55         

        CLASS   BANK54         

        CLASS   BANK53         

        CLASS   BANK52         

        CLASS   BANK51         

        CLASS   BANK50         

        CLASS   BANK49         

        CLASS   BANK48         

        CLASS   BANK47         

        CLASS   BANK46         

        CLASS   BANK45         

        CLASS   BANK44         

        CLASS   BANK43         

        CLASS   BANK42         

        CLASS   BANK41         

        CLASS   BANK40         

        CLASS   BANK39         

        CLASS   BANK38         

        CLASS   BANK37         

        CLASS   BANK36         

        CLASS   BANK35         

        CLASS   BANK34         

        CLASS   BANK33         

        CLASS   BANK32         

        CLASS   BANK31         

        CLASS   BANK30         

        CLASS   BANK29         

        CLASS   BANK28         

        CLASS   BANK27         

        CLASS   BANK26         

        CLASS   BANK25         

        CLASS   BANK24         

        CLASS   BANK23         

        CLASS   BANK22         

        CLASS   BANK21         

        CLASS   BANK20         

        CLASS   BANK19         

        CLASS   BANK18         

        CLASS   BANK17         

        CLASS   BANK16         

        CLASS   BANK15         

        CLASS   BANK14         

        CLASS   BANK13         

        CLASS   BANK12         

        CLASS   BANK11         

        CLASS   BANK10         

        CLASS   BANK9          

        CLASS   BANK8          

        CLASS   BANK7          

        CLASS   EEDATA         



SEGMENTS        Name                           Load    Length   Top    Selector   Space  Class     Delta

                reset_vec                      000000  000002  000002         0       0  CODE        2
                intentry                       000004  0004B2  0004B6         8       0  CODE        2
                bssBANK0                       000020  00002A  00004A        20       1  BANK0       1
                cstackCOMMON                   000070  00000E  00007E        70       1  COMMON      1
                config                         008007  000005  00800C     1000E       0  CONFIG      2


UNUSED ADDRESS RANGES

        Name                Unused          Largest block    Delta
        BANK0            0004A-0006F              26           1
        BANK1            000A0-000EF              50           1
        BANK2            00120-0016F              50           1
        BANK3            001A0-001EF              50           1
        BANK4            00220-0026F              50           1
        BANK5            002A0-002EF              50           1
        BANK6            00320-0032F              10           1
        BIGRAM           02000-021EF             1F0           1
        CODE             00002-00003               2           2
                         004B6-00FFF             34A
        CONST            00002-00003               2           2
                         004B6-00FFF             100
        ENTRY            00002-00003               2           2
                         004B6-00FFF             100
        IDLOC            08000-08003               4           2
        RAM              0004A-0006F              26           1
                         000A0-000EF              50
                         00120-0016F              50
                         001A0-001EF              50
                         00220-0026F              50
                         002A0-002EF              50
                         00320-0032F              10
        SFR0             00000-0001F              20           1
        SFR1             00080-0009F              20           1
        SFR10            00500-0056F              70           1
        SFR11            00580-005EF              70           1
        SFR12            00600-0066F              70           1
        SFR13            00680-006EF              70           1
        SFR14            00700-0076F              70           1
        SFR15            00780-007EF              70           1
        SFR16            00800-0086F              70           1
        SFR17            00880-008EF              70           1
        SFR18            00900-0096F              70           1
        SFR19            00980-009EF              70           1
        SFR2             00100-0011F              20           1
        SFR20            00A00-00A6F              70           1
        SFR21            00A80-00AEF              70           1
        SFR22            00B00-00B6F              70           1
        SFR23            00B80-00BEF              70           1
        SFR24            00C00-00C6F              70           1
        SFR25            00C80-00CEF              70           1
        SFR26            00D00-00D6F              70           1
        SFR27            00D80-00DEF              70           1
        SFR28            00E00-00E6F              70           1
        SFR29            00E80-00EEF              70           1
        SFR3             00180-0019F              20           1
        SFR30            00F00-00F6F              70           1
        SFR31            00F80-00FEF              70           1
        SFR32            01000-0106F              70           1
        SFR33            01080-010EF              70           1
        SFR34            01100-0116F              70           1
        SFR35            01180-011EF              70           1
        SFR36            01200-0126F              70           1
        SFR37            01280-012EF              70           1
        SFR38            01300-0136F              70           1
        SFR39            01380-013EF              70           1
        SFR4             00200-0021F              20           1
        SFR40            01400-0146F              70           1
        SFR41            01480-014EF              70           1
        SFR42            01500-0156F              70           1
        SFR43            01580-015EF              70           1
        SFR44            01600-0166F              70           1
        SFR45            01680-016EF              70           1
        SFR46            01700-0176F              70           1
        SFR47            01780-017EF              70           1
        SFR48            01800-0186F              70           1
        SFR49            01880-018EF              70           1
        SFR5             00280-0029F              20           1
        SFR50            01900-0196F              70           1
        SFR51            01980-019EF              70           1
        SFR52            01A00-01A6F              70           1
        SFR53            01A80-01AEF              70           1
        SFR54            01B00-01B6F              70           1
        SFR55            01B80-01BEF              70           1
        SFR56            01C00-01C6F              70           1
        SFR57            01C80-01CEF              70           1
        SFR58            01D00-01D6F              70           1
        SFR59            01D80-01DEF              70           1
        SFR6             00300-0031F              20           1
        SFR60            01E00-01E6F              70           1
        SFR61            01E80-01EEF              70           1
        SFR62            01F00-01F6F              70           1
        SFR63            01F80-01FEF              70           1
        SFR7             00380-003EF              70           1
        SFR8             00400-0046F              70           1
        SFR9             00480-004EF              70           1
        STACK            0202A-021EF             1C6           1
        STRCODE          00002-00003               2           2
                         004B6-00FFF             B4A
        STRING           00002-00003               2           2
                         004B6-00FFF             100

                                  Symbol Table

?___lldiv                     cstackCOMMON 00070
?_get_time                    cstackCOMMON 00070
?_timer_diff                  cstackCOMMON 00070
I2C_Master_Init@clk           cstackBANK0  0003D
I2C_Master_Write@data         cstackCOMMON 00070
LM49450_write@data            cstackCOMMON 00071
LM49450_write@reg             cstackCOMMON 00072
_ANSELA                       (abs)        01F38
_ANSELC                       (abs)        01F4E
_HPS_state                    bssBANK0     0003A
_HPS_time_start               bssBANK0     00030
_I2C_Master_Init              text15       00381
_I2C_Master_Start             text13       004AC
_I2C_Master_Stop              text12       004A6
_I2C_Master_Wait              text14       00469
_I2C_Master_Write             text11       00491
_INTCONbits                   (abs)        0000B
_ISR                          intentry     00004
_LM49450_DC_init              text9        003FB
_LM49450_PS2_init             text8        003AF
_LM49450_Wii_init             text7        003D6
_LM49450_analog_init          text6        0047F
_LM49450_write                text10       00455
_PIC_SETUP                    text5        00420
_PIE4bits                     (abs)        0071A
_PPSLOCK                      (abs)        01E8F
_PPS_lock                     text4        00489
_PPS_unlock                   text3        00499
_RA4                          (abs)        00064
_RA5                          (abs)        00065
_RC0                          (abs)        00070
_RC0PPS                       (abs)        01F20
_RC1                          (abs)        00071
_RC1PPS                       (abs)        01F21
_RC2                          (abs)        00072
_RC3                          (abs)        00073
_RC4                          (abs)        00074
_SSP1ADD                      (abs)        0018D
_SSP1BUF                      (abs)        0018C
_SSP1CLKPPS                   (abs)        01EC5
_SSP1CON1                     (abs)        00190
_SSP1CON2                     (abs)        00191
_SSP1CON2bits                 (abs)        00191
_SSP1DATPPS                   (abs)        01EC6
_SSP1STAT                     (abs)        0018F
_T1CLK                        (abs)        00211
_T1CONbits                    (abs)        0020E
_T1GCONbits                   (abs)        0020F
_TMR1                         (abs)        0020C
_TMR1IF                       (abs)        03880
_TRISA                        (abs)        00012
_TRISC                        (abs)        00014
_TRISCbits                    (abs)        00014
_WPUA                         (abs)        01F39
_WPUC                         (abs)        01F4F
__CFG_BBEN$OFF                (abs)        00000
__CFG_BBSIZE$BB512            (abs)        00000
__CFG_BOREN$ON                (abs)        00000
__CFG_BORV$LO                 (abs)        00000
__CFG_CLKOUTEN$OFF            (abs)        00000
__CFG_CP$OFF                  (abs)        00000
__CFG_CSWEN$ON                (abs)        00000
__CFG_FCMEN$ON                (abs)        00000
__CFG_FEXTOSC$OFF             (abs)        00000
__CFG_LPBOREN$OFF             (abs)        00000
__CFG_LVP$OFF                 (abs)        00000
__CFG_MCLRE$OFF               (abs)        00000
__CFG_PPS1WAY$OFF             (abs)        00000
__CFG_PWRTE$OFF               (abs)        00000
__CFG_RSTOSC$HFINT32          (abs)        00000
__CFG_SAFEN$OFF               (abs)        00000
__CFG_STVREN$ON               (abs)        00000
__CFG_WDTCCS$LFINTOSC         (abs)        00000
__CFG_WDTCPS$WDTCPS_13        (abs)        00000
__CFG_WDTCWS$WDTCWS_7         (abs)        00000
__CFG_WDTE$OFF                (abs)        00000
__CFG_WRTAPP$OFF              (abs)        00000
__CFG_WRTB$OFF                (abs)        00000
__CFG_WRTC$OFF                (abs)        00000
__CFG_WRTSAF$OFF              (abs)        00000
__CFG_ZCD$OFF                 (abs)        00000
__Habs1                       abs1         00000
__Hbank0                      bank0        00000
__Hbank1                      bank1        00000
__Hbank10                     bank10       00000
__Hbank11                     bank11       00000
__Hbank12                     bank12       00000
__Hbank13                     bank13       00000
__Hbank14                     bank14       00000
__Hbank15                     bank15       00000
__Hbank16                     bank16       00000
__Hbank17                     bank17       00000
__Hbank18                     bank18       00000
__Hbank19                     bank19       00000
__Hbank2                      bank2        00000
__Hbank20                     bank20       00000
__Hbank21                     bank21       00000
__Hbank22                     bank22       00000
__Hbank23                     bank23       00000
__Hbank24                     bank24       00000
__Hbank25                     bank25       00000
__Hbank26                     bank26       00000
__Hbank27                     bank27       00000
__Hbank28                     bank28       00000
__Hbank29                     bank29       00000
__Hbank3                      bank3        00000
__Hbank30                     bank30       00000
__Hbank31                     bank31       00000
__Hbank32                     bank32       00000
__Hbank33                     bank33       00000
__Hbank34                     bank34       00000
__Hbank35                     bank35       00000
__Hbank36                     bank36       00000
__Hbank37                     bank37       00000
__Hbank38                     bank38       00000
__Hbank39                     bank39       00000
__Hbank4                      bank4        00000
__Hbank40                     bank40       00000
__Hbank41                     bank41       00000
__Hbank42                     bank42       00000
__Hbank43                     bank43       00000
__Hbank44                     bank44       00000
__Hbank45                     bank45       00000
__Hbank46                     bank46       00000
__Hbank47                     bank47       00000
__Hbank48                     bank48       00000
__Hbank49                     bank49       00000
__Hbank5                      bank5        00000
__Hbank50                     bank50       00000
__Hbank51                     bank51       00000
__Hbank52                     bank52       00000
__Hbank53                     bank53       00000
__Hbank54                     bank54       00000
__Hbank55                     bank55       00000
__Hbank56                     bank56       00000
__Hbank57                     bank57       00000
__Hbank58                     bank58       00000
__Hbank59                     bank59       00000
__Hbank6                      bank6        00000
__Hbank60                     bank60       00000
__Hbank61                     bank61       00000
__Hbank62                     bank62       00000
__Hbank63                     bank63       00000
__Hbank7                      bank7        00000
__Hbank8                      bank8        00000
__Hbank9                      bank9        00000
__Hbigram                     bigram       00000
__HbssBANK0                   bssBANK0     00000
__Hcinit                      cinit        0003A
__Hclrtext                    clrtext      00000
__Hcode                       code         00000
__Hcommon                     common       00000
__Hconfig                     config       0800C
__HcstackBANK0                cstackBANK0  00000
__HcstackCOMMON               cstackCOMMON 00000
__HdataBANK0                  dataBANK0    00000
__Heeprom_data                eeprom_data  00000
__Hend_init                   end_init     0001E
__Hfunctab                    functab      00000
__HidataBANK0                 idataBANK0   00000
__Hidloc                      idloc        00000
__Hinit                       init         0001C
__Hintentry                   intentry     0001C
__Hmaintext                   maintext     00000
__Hpowerup                    powerup      00000
__Hram                        ram          00000
__Hreset_vec                  reset_vec    00002
__Hsfr0                       sfr0         00000
__Hsfr1                       sfr1         00000
__Hsfr10                      sfr10        00000
__Hsfr11                      sfr11        00000
__Hsfr12                      sfr12        00000
__Hsfr13                      sfr13        00000
__Hsfr14                      sfr14        00000
__Hsfr15                      sfr15        00000
__Hsfr16                      sfr16        00000
__Hsfr17                      sfr17        00000
__Hsfr18                      sfr18        00000
__Hsfr19                      sfr19        00000
__Hsfr2                       sfr2         00000
__Hsfr20                      sfr20        00000
__Hsfr21                      sfr21        00000
__Hsfr22                      sfr22        00000
__Hsfr23                      sfr23        00000
__Hsfr24                      sfr24        00000
__Hsfr25                      sfr25        00000
__Hsfr26                      sfr26        00000
__Hsfr27                      sfr27        00000
__Hsfr28                      sfr28        00000
__Hsfr29                      sfr29        00000
__Hsfr3                       sfr3         00000
__Hsfr30                      sfr30        00000
__Hsfr31                      sfr31        00000
__Hsfr32                      sfr32        00000
__Hsfr33                      sfr33        00000
__Hsfr34                      sfr34        00000
__Hsfr35                      sfr35        00000
__Hsfr36                      sfr36        00000
__Hsfr37                      sfr37        00000
__Hsfr38                      sfr38        00000
__Hsfr39                      sfr39        00000
__Hsfr4                       sfr4         00000
__Hsfr40                      sfr40        00000
__Hsfr41                      sfr41        00000
__Hsfr42                      sfr42        00000
__Hsfr43                      sfr43        00000
__Hsfr44                      sfr44        00000
__Hsfr45                      sfr45        00000
__Hsfr46                      sfr46        00000
__Hsfr47                      sfr47        00000
__Hsfr48                      sfr48        00000
__Hsfr49                      sfr49        00000
__Hsfr5                       sfr5         00000
__Hsfr50                      sfr50        00000
__Hsfr51                      sfr51        00000
__Hsfr52                      sfr52        00000
__Hsfr53                      sfr53        00000
__Hsfr54                      sfr54        00000
__Hsfr55                      sfr55        00000
__Hsfr56                      sfr56        00000
__Hsfr57                      sfr57        00000
__Hsfr58                      sfr58        00000
__Hsfr59                      sfr59        00000
__Hsfr6                       sfr6         00000
__Hsfr60                      sfr60        00000
__Hsfr61                      sfr61        00000
__Hsfr62                      sfr62        00000
__Hsfr63                      sfr63        00000
__Hsfr7                       sfr7         00000
__Hsfr8                       sfr8         00000
__Hsfr9                       sfr9         00000
__Hspace_0                    (abs)        0800C
__Hspace_1                    (abs)        0007E
__Hspace_2                    (abs)        00000
__Hspace_3                    (abs)        00000
__Hstack                      stack        00000
__Hstrings                    strings      00000
__Htext                       text         00000
__Labs1                       abs1         00000
__Lbank0                      bank0        00000
__Lbank1                      bank1        00000
__Lbank10                     bank10       00000
__Lbank11                     bank11       00000
__Lbank12                     bank12       00000
__Lbank13                     bank13       00000
__Lbank14                     bank14       00000
__Lbank15                     bank15       00000
__Lbank16                     bank16       00000
__Lbank17                     bank17       00000
__Lbank18                     bank18       00000
__Lbank19                     bank19       00000
__Lbank2                      bank2        00000
__Lbank20                     bank20       00000
__Lbank21                     bank21       00000
__Lbank22                     bank22       00000
__Lbank23                     bank23       00000
__Lbank24                     bank24       00000
__Lbank25                     bank25       00000
__Lbank26                     bank26       00000
__Lbank27                     bank27       00000
__Lbank28                     bank28       00000
__Lbank29                     bank29       00000
__Lbank3                      bank3        00000
__Lbank30                     bank30       00000
__Lbank31                     bank31       00000
__Lbank32                     bank32       00000
__Lbank33                     bank33       00000
__Lbank34                     bank34       00000
__Lbank35                     bank35       00000
__Lbank36                     bank36       00000
__Lbank37                     bank37       00000
__Lbank38                     bank38       00000
__Lbank39                     bank39       00000
__Lbank4                      bank4        00000
__Lbank40                     bank40       00000
__Lbank41                     bank41       00000
__Lbank42                     bank42       00000
__Lbank43                     bank43       00000
__Lbank44                     bank44       00000
__Lbank45                     bank45       00000
__Lbank46                     bank46       00000
__Lbank47                     bank47       00000
__Lbank48                     bank48       00000
__Lbank49                     bank49       00000
__Lbank5                      bank5        00000
__Lbank50                     bank50       00000
__Lbank51                     bank51       00000
__Lbank52                     bank52       00000
__Lbank53                     bank53       00000
__Lbank54                     bank54       00000
__Lbank55                     bank55       00000
__Lbank56                     bank56       00000
__Lbank57                     bank57       00000
__Lbank58                     bank58       00000
__Lbank59                     bank59       00000
__Lbank6                      bank6        00000
__Lbank60                     bank60       00000
__Lbank61                     bank61       00000
__Lbank62                     bank62       00000
__Lbank63                     bank63       00000
__Lbank7                      bank7        00000
__Lbank8                      bank8        00000
__Lbank9                      bank9        00000
__Lbigram                     bigram       00000
__LbssBANK0                   bssBANK0     00000
__Lcinit                      cinit        0001E
__Lclrtext                    clrtext      00000
__Lcode                       code         00000
__Lcommon                     common       00000
__Lconfig                     config       08007
__LcstackBANK0                cstackBANK0  00000
__LcstackCOMMON               cstackCOMMON 00000
__LdataBANK0                  dataBANK0    00000
__Leeprom_data                eeprom_data  00000
__Lend_init                   end_init     0001C
__Lfunctab                    functab      00000
__LidataBANK0                 idataBANK0   00000
__Lidloc                      idloc        00000
__Linit                       init         0001C
__Lintentry                   intentry     00004
__Lmaintext                   maintext     00000
__Lpowerup                    powerup      00000
__Lram                        ram          00000
__Lreset_vec                  reset_vec    00000
__Lsfr0                       sfr0         00000
__Lsfr1                       sfr1         00000
__Lsfr10                      sfr10        00000
__Lsfr11                      sfr11        00000
__Lsfr12                      sfr12        00000
__Lsfr13                      sfr13        00000
__Lsfr14                      sfr14        00000
__Lsfr15                      sfr15        00000
__Lsfr16                      sfr16        00000
__Lsfr17                      sfr17        00000
__Lsfr18                      sfr18        00000
__Lsfr19                      sfr19        00000
__Lsfr2                       sfr2         00000
__Lsfr20                      sfr20        00000
__Lsfr21                      sfr21        00000
__Lsfr22                      sfr22        00000
__Lsfr23                      sfr23        00000
__Lsfr24                      sfr24        00000
__Lsfr25                      sfr25        00000
__Lsfr26                      sfr26        00000
__Lsfr27                      sfr27        00000
__Lsfr28                      sfr28        00000
__Lsfr29                      sfr29        00000
__Lsfr3                       sfr3         00000
__Lsfr30                      sfr30        00000
__Lsfr31                      sfr31        00000
__Lsfr32                      sfr32        00000
__Lsfr33                      sfr33        00000
__Lsfr34                      sfr34        00000
__Lsfr35                      sfr35        00000
__Lsfr36                      sfr36        00000
__Lsfr37                      sfr37        00000
__Lsfr38                      sfr38        00000
__Lsfr39                      sfr39        00000
__Lsfr4                       sfr4         00000
__Lsfr40                      sfr40        00000
__Lsfr41                      sfr41        00000
__Lsfr42                      sfr42        00000
__Lsfr43                      sfr43        00000
__Lsfr44                      sfr44        00000
__Lsfr45                      sfr45        00000
__Lsfr46                      sfr46        00000
__Lsfr47                      sfr47        00000
__Lsfr48                      sfr48        00000
__Lsfr49                      sfr49        00000
__Lsfr5                       sfr5         00000
__Lsfr50                      sfr50        00000
__Lsfr51                      sfr51        00000
__Lsfr52                      sfr52        00000
__Lsfr53                      sfr53        00000
__Lsfr54                      sfr54        00000
__Lsfr55                      sfr55        00000
__Lsfr56                      sfr56        00000
__Lsfr57                      sfr57        00000
__Lsfr58                      sfr58        00000
__Lsfr59                      sfr59        00000
__Lsfr6                       sfr6         00000
__Lsfr60                      sfr60        00000
__Lsfr61                      sfr61        00000
__Lsfr62                      sfr62        00000
__Lsfr63                      sfr63        00000
__Lsfr7                       sfr7         00000
__Lsfr8                       sfr8         00000
__Lsfr9                       sfr9         00000
__Lspace_0                    (abs)        00000
__Lspace_1                    (abs)        00000
__Lspace_2                    (abs)        00000
__Lspace_3                    (abs)        00000
__Lstack                      stack        00000
__Lstrings                    strings      00000
__Ltext                       text         00000
__S0                          (abs)        0800C
__S1                          (abs)        0007E
__S2                          (abs)        00000
___int_sp                     stack        00000
___latbits                    (abs)        00001
___lldiv                      text16       00327
___lldiv@counter              cstackCOMMON 0007D
___lldiv@dividend             cstackCOMMON 00074
___lldiv@divisor              cstackCOMMON 00070
___lldiv@quotient             cstackCOMMON 00079
___sp                         stack        00000
___stackhi                    (abs)        021EF
___stacklo                    (abs)        0202A
__end_of_I2C_Master_Init      text15       003AF
__end_of_I2C_Master_Start     text13       004B2
__end_of_I2C_Master_Stop      text12       004AC
__end_of_I2C_Master_Wait      text14       00475
__end_of_I2C_Master_Write     text11       00499
__end_of_ISR                  intentry     0001C
__end_of_LM49450_DC_init      text9        00420
__end_of_LM49450_PS2_init     text8        003D6
__end_of_LM49450_Wii_init     text7        003FB
__end_of_LM49450_analog_init  text6        00489
__end_of_LM49450_write        text10       00469
__end_of_PIC_SETUP            text5        0043F
__end_of_PPS_lock             text4        00491
__end_of_PPS_unlock           text3        004A0
__end_of___lldiv              text16       00381
__end_of__initialization      cinit        00036
__end_of_get_time             text2        0047F
__end_of_main                 maintext     00327
__end_of_timer_diff           text1        00455
__initialization              cinit        0001E
__pbssBANK0                   bssBANK0     00020
__pcstackBANK0                cstackBANK0  0003D
__pcstackCOMMON               cstackCOMMON 00070
__pdataBANK0                  dataBANK0    00046
__pidataBANK0                 idataBANK0   004B2
__pintentry                   intentry     00004
__pmaintext                   maintext     0003A
__ptext1                      text1        0043F
__ptext10                     text10       00455
__ptext11                     text11       00491
__ptext12                     text12       004A6
__ptext13                     text13       004AC
__ptext14                     text14       00469
__ptext15                     text15       00381
__ptext16                     text16       00327
__ptext2                      text2        00475
__ptext3                      text3        00499
__ptext4                      text4        00489
__ptext5                      text5        00420
__ptext6                      text6        0047F
__ptext7                      text7        003D6
__ptext8                      text8        003AF
__ptext9                      text9        003FB
__size_of_I2C_Master_Init     (abs)        00000
__size_of_I2C_Master_Start    (abs)        00000
__size_of_I2C_Master_Stop     (abs)        00000
__size_of_I2C_Master_Wait     (abs)        00000
__size_of_I2C_Master_Write    (abs)        00000
__size_of_ISR                 (abs)        00000
__size_of_LM49450_DC_init     (abs)        00000
__size_of_LM49450_PS2_init    (abs)        00000
__size_of_LM49450_Wii_init    (abs)        00000
__size_of_LM49450_analog_init (abs)        00000
__size_of_LM49450_write       (abs)        00000
__size_of_PIC_SETUP           (abs)        00000
__size_of_PPS_lock            (abs)        00000
__size_of_PPS_unlock          (abs)        00000
__size_of___lldiv             (abs)        00000
__size_of_get_time            (abs)        00000
__size_of_main                (abs)        00000
__size_of_timer_diff          (abs)        00000
_get_time                     text2        00475
_main                         maintext     0003A
_mute_config                  bssBANK0     0003C
_mute_state                   bssBANK0     0003B
_timer_counter                bssBANK0     00034
_timer_diff                   text1        0043F
_vol_minus_state              bssBANK0     00038
_vol_minus_time_hold          bssBANK0     00020
_vol_minus_time_start         bssBANK0     00024
_vol_plus_state               bssBANK0     00039
_vol_plus_time_hold           bssBANK0     00028
_vol_plus_time_start          bssBANK0     0002C
_volume_hp                    dataBANK0    00047
_volume_hp_prev               dataBANK0    00046
_volume_sp                    dataBANK0    00049
_volume_sp_prev               dataBANK0    00048
btemp                         (abs)        0007E
clear_ram0                    clrtext      004A0
end_of_initialization         cinit        00036
int$flags                     (abs)        0007E
intlevel0                     functab      00000
intlevel1                     functab      00000
intlevel2                     functab      00000
intlevel3                     functab      00000
intlevel4                     functab      00000
intlevel5                     functab      00000
reset_vec                     reset_vec    00000
start                         init         0001C
start_initialization          cinit        0001E
timer_diff@t                  cstackCOMMON 00070
wtemp0                        (abs)        0007E


FUNCTION INFORMATION:

 *************** function _main *****************
 Defined at:
		line 75 in file "main.c"
 Parameters:    Size  Location     Type
		None
 Auto vars:     Size  Location     Type
		None
 Return value:  Size  Location     Type
                  1    wreg      void 
 Registers used:
		wreg, fsr0l, fsr0h, status,2, status,0, pclath, cstack
 Tracked objects:
		On entry : 
		On exit  : 
		Unchanged: 
 Data sizes:     COMMON   BANK0   BANK1   BANK2   BANK3   BANK4   BANK5   BANK6
      Params:         0       0       0       0       0       0       0       0
      Locals:         0       0       0       0       0       0       0       0
      Temps:          0       1       0       0       0       0       0       0
      Totals:         0       1       0       0       0       0       0       0
Total ram usage:        1 bytes
 Hardware stack levels required when called:    5
 This function calls:
		_I2C_Master_Init
		_LM49450_DC_init
		_LM49450_PS2_init
		_LM49450_Wii_init
		_LM49450_analog_init
		_LM49450_write
		_PIC_SETUP
		_PPS_lock
		_PPS_unlock
		_get_time
		_timer_diff
 This function is called by:
		Startup code after reset
 This function uses a non-reentrant model


 *************** function _timer_diff *****************
 Defined at:
		line 17 in file "time.c"
 Parameters:    Size  Location     Type
  t               4    0[COMMON] unsigned long 
 Auto vars:     Size  Location     Type
		None
 Return value:  Size  Location     Type
                  4    0[COMMON] unsigned long 
 Registers used:
		wreg
 Tracked objects:
		On entry : 
		On exit  : 
		Unchanged: 
 Data sizes:     COMMON   BANK0   BANK1   BANK2   BANK3   BANK4   BANK5   BANK6
      Params:         4       0       0       0       0       0       0       0
      Locals:         0       0       0       0       0       0       0       0
      Temps:          4       0       0       0       0       0       0       0
      Totals:         8       0       0       0       0       0       0       0
Total ram usage:        8 bytes
 Hardware stack levels used:    1
 Hardware stack levels required when called:    1
 This function calls:
		Nothing
 This function is called by:
		_main
 This function uses a non-reentrant model


 *************** function _get_time *****************
 Defined at:
		line 13 in file "time.c"
 Parameters:    Size  Location     Type
		None
 Auto vars:     Size  Location     Type
		None
 Return value:  Size  Location     Type
                  4    0[COMMON] unsigned long 
 Registers used:
		wreg
 Tracked objects:
		On entry : 
		On exit  : 
		Unchanged: 
 Data sizes:     COMMON   BANK0   BANK1   BANK2   BANK3   BANK4   BANK5   BANK6
      Params:         4       0       0       0       0       0       0       0
      Locals:         0       0       0       0       0       0       0       0
      Temps:          0       0       0       0       0       0       0       0
      Totals:         4       0       0       0       0       0       0       0
Total ram usage:        4 bytes
 Hardware stack levels used:    1
 Hardware stack levels required when called:    1
 This function calls:
		Nothing
 This function is called by:
		_main
 This function uses a non-reentrant model


 *************** function _PPS_unlock *****************
 Defined at:
		line 11 in file "PPS.c"
 Parameters:    Size  Location     Type
		None
 Auto vars:     Size  Location     Type
		None
 Return value:  Size  Location     Type
                  1    wreg      void 
 Registers used:
		wreg, status,2
 Tracked objects:
		On entry : 
		On exit  : 
		Unchanged: 
 Data sizes:     COMMON   BANK0   BANK1   BANK2   BANK3   BANK4   BANK5   BANK6
      Params:         0       0       0       0       0       0       0       0
      Locals:         0       0       0       0       0       0       0       0
      Temps:          0       0       0       0       0       0       0       0
      Totals:         0       0       0       0       0       0       0       0
Total ram usage:        0 bytes
 Hardware stack levels used:    1
 Hardware stack levels required when called:    1
 This function calls:
		Nothing
 This function is called by:
		_main
 This function uses a non-reentrant model


 *************** function _PPS_lock *****************
 Defined at:
		line 17 in file "PPS.c"
 Parameters:    Size  Location     Type
		None
 Auto vars:     Size  Location     Type
		None
 Return value:  Size  Location     Type
                  1    wreg      void 
 Registers used:
		wreg
 Tracked objects:
		On entry : 
		On exit  : 
		Unchanged: 
 Data sizes:     COMMON   BANK0   BANK1   BANK2   BANK3   BANK4   BANK5   BANK6
      Params:         0       0       0       0       0       0       0       0
      Locals:         0       0       0       0       0       0       0       0
      Temps:          0       0       0       0       0       0       0       0
      Totals:         0       0       0       0       0       0       0       0
Total ram usage:        0 bytes
 Hardware stack levels used:    1
 Hardware stack levels required when called:    1
 This function calls:
		Nothing
 This function is called by:
		_main
 This function uses a non-reentrant model


 *************** function _PIC_SETUP *****************
 Defined at:
		line 16 in file "main.c"
 Parameters:    Size  Location     Type
		None
 Auto vars:     Size  Location     Type
		None
 Return value:  Size  Location     Type
                  1    wreg      void 
 Registers used:
		wreg, status,2, status,0
 Tracked objects:
		On entry : 
		On exit  : 
		Unchanged: 
 Data sizes:     COMMON   BANK0   BANK1   BANK2   BANK3   BANK4   BANK5   BANK6
      Params:         0       0       0       0       0       0       0       0
      Locals:         0       0       0       0       0       0       0       0
      Temps:          0       0       0       0       0       0       0       0
      Totals:         0       0       0       0       0       0       0       0
Total ram usage:        0 bytes
 Hardware stack levels used:    1
 Hardware stack levels required when called:    1
 This function calls:
		Nothing
 This function is called by:
		_main
 This function uses a non-reentrant model


 *************** function _LM49450_analog_init *****************
 Defined at:
		line 90 in file "LM49450.c"
 Parameters:    Size  Location     Type
		None
 Auto vars:     Size  Location     Type
  reg0_analog     1    0        unsigned char 
 Return value:  Size  Location     Type
                  1    wreg      unsigned char 
 Registers used:
		wreg, status,2, status,0, pclath, cstack
 Tracked objects:
		On entry : 
		On exit  : 
		Unchanged: 
 Data sizes:     COMMON   BANK0   BANK1   BANK2   BANK3   BANK4   BANK5   BANK6
      Params:         0       0       0       0       0       0       0       0
      Locals:         1       0       0       0       0       0       0       0
      Temps:          1       0       0       0       0       0       0       0
      Totals:         2       0       0       0       0       0       0       0
Total ram usage:        2 bytes
 Hardware stack levels used:    1
 Hardware stack levels required when called:    4
 This function calls:
		_LM49450_write
 This function is called by:
		_main
 This function uses a non-reentrant model


 *************** function _LM49450_Wii_init *****************
 Defined at:
		line 46 in file "LM49450.c"
 Parameters:    Size  Location     Type
		None
 Auto vars:     Size  Location     Type
  reg0_Wii        1    0        unsigned char 
 Return value:  Size  Location     Type
                  1    wreg      unsigned char 
 Registers used:
		wreg, status,2, status,0, pclath, cstack
 Tracked objects:
		On entry : 
		On exit  : 
		Unchanged: 
 Data sizes:     COMMON   BANK0   BANK1   BANK2   BANK3   BANK4   BANK5   BANK6
      Params:         0       0       0       0       0       0       0       0
      Locals:         1       0       0       0       0       0       0       0
      Temps:          1       0       0       0       0       0       0       0
      Totals:         2       0       0       0       0       0       0       0
Total ram usage:        2 bytes
 Hardware stack levels used:    1
 Hardware stack levels required when called:    4
 This function calls:
		_LM49450_write
 This function is called by:
		_main
 This function uses a non-reentrant model


 *************** function _LM49450_PS2_init *****************
 Defined at:
		line 68 in file "LM49450.c"
 Parameters:    Size  Location     Type
		None
 Auto vars:     Size  Location     Type
  reg0_PS2        1    0        unsigned char 
 Return value:  Size  Location     Type
                  1    wreg      unsigned char 
 Registers used:
		wreg, status,2, status,0, pclath, cstack
 Tracked objects:
		On entry : 
		On exit  : 
		Unchanged: 
 Data sizes:     COMMON   BANK0   BANK1   BANK2   BANK3   BANK4   BANK5   BANK6
      Params:         0       0       0       0       0       0       0       0
      Locals:         1       0       0       0       0       0       0       0
      Temps:          1       0       0       0       0       0       0       0
      Totals:         2       0       0       0       0       0       0       0
Total ram usage:        2 bytes
 Hardware stack levels used:    1
 Hardware stack levels required when called:    4
 This function calls:
		_LM49450_write
 This function is called by:
		_main
 This function uses a non-reentrant model


 *************** function _LM49450_DC_init *****************
 Defined at:
		line 22 in file "LM49450.c"
 Parameters:    Size  Location     Type
		None
 Auto vars:     Size  Location     Type
  reg0_DC         1    0        unsigned char 
 Return value:  Size  Location     Type
                  1    wreg      unsigned char 
 Registers used:
		wreg, status,2, status,0, pclath, cstack
 Tracked objects:
		On entry : 
		On exit  : 
		Unchanged: 
 Data sizes:     COMMON   BANK0   BANK1   BANK2   BANK3   BANK4   BANK5   BANK6
      Params:         0       0       0       0       0       0       0       0
      Locals:         1       0       0       0       0       0       0       0
      Temps:          1       0       0       0       0       0       0       0
      Totals:         2       0       0       0       0       0       0       0
Total ram usage:        2 bytes
 Hardware stack levels used:    1
 Hardware stack levels required when called:    4
 This function calls:
		_LM49450_write
 This function is called by:
		_main
 This function uses a non-reentrant model


 *************** function _LM49450_write *****************
 Defined at:
		line 14 in file "LM49450.c"
 Parameters:    Size  Location     Type
  reg             1    wreg     unsigned char 
  data            1    1[COMMON] unsigned char 
 Auto vars:     Size  Location     Type
  reg             1    2[COMMON] unsigned char 
 Return value:  Size  Location     Type
                  1    wreg      void 
 Registers used:
		wreg, status,2, status,0, pclath, cstack
 Tracked objects:
		On entry : 
		On exit  : 
		Unchanged: 
 Data sizes:     COMMON   BANK0   BANK1   BANK2   BANK3   BANK4   BANK5   BANK6
      Params:         1       0       0       0       0       0       0       0
      Locals:         1       0       0       0       0       0       0       0
      Temps:          0       0       0       0       0       0       0       0
      Totals:         2       0       0       0       0       0       0       0
Total ram usage:        2 bytes
 Hardware stack levels used:    1
 Hardware stack levels required when called:    3
 This function calls:
		_I2C_Master_Start
		_I2C_Master_Stop
		_I2C_Master_Write
 This function is called by:
		_main
		_LM49450_DC_init
		_LM49450_Wii_init
		_LM49450_PS2_init
		_LM49450_analog_init
 This function uses a non-reentrant model


 *************** function _I2C_Master_Write *****************
 Defined at:
		line 76 in file "I2C.c"
 Parameters:    Size  Location     Type
  data            1    wreg     unsigned char 
 Auto vars:     Size  Location     Type
  data            1    0[COMMON] unsigned char 
 Return value:  Size  Location     Type
                  1    wreg      void 
 Registers used:
		wreg, status,2, status,0, pclath, cstack
 Tracked objects:
		On entry : 
		On exit  : 
		Unchanged: 
 Data sizes:     COMMON   BANK0   BANK1   BANK2   BANK3   BANK4   BANK5   BANK6
      Params:         0       0       0       0       0       0       0       0
      Locals:         1       0       0       0       0       0       0       0
      Temps:          0       0       0       0       0       0       0       0
      Totals:         1       0       0       0       0       0       0       0
Total ram usage:        1 bytes
 Hardware stack levels used:    1
 Hardware stack levels required when called:    2
 This function calls:
		_I2C_Master_Wait
 This function is called by:
		_LM49450_write
 This function uses a non-reentrant model


 *************** function _I2C_Master_Stop *****************
 Defined at:
		line 70 in file "I2C.c"
 Parameters:    Size  Location     Type
		None
 Auto vars:     Size  Location     Type
		None
 Return value:  Size  Location     Type
                  1    wreg      void 
 Registers used:
		wreg, status,2, status,0, pclath, cstack
 Tracked objects:
		On entry : 
		On exit  : 
		Unchanged: 
 Data sizes:     COMMON   BANK0   BANK1   BANK2   BANK3   BANK4   BANK5   BANK6
      Params:         0       0       0       0       0       0       0       0
      Locals:         0       0       0       0       0       0       0       0
      Temps:          0       0       0       0       0       0       0       0
      Totals:         0       0       0       0       0       0       0       0
Total ram usage:        0 bytes
 Hardware stack levels used:    1
 Hardware stack levels required when called:    2
 This function calls:
		_I2C_Master_Wait
 This function is called by:
		_LM49450_write
 This function uses a non-reentrant model


 *************** function _I2C_Master_Start *****************
 Defined at:
		line 58 in file "I2C.c"
 Parameters:    Size  Location     Type
		None
 Auto vars:     Size  Location     Type
		None
 Return value:  Size  Location     Type
                  1    wreg      void 
 Registers used:
		wreg, status,2, status,0, pclath, cstack
 Tracked objects:
		On entry : 
		On exit  : 
		Unchanged: 
 Data sizes:     COMMON   BANK0   BANK1   BANK2   BANK3   BANK4   BANK5   BANK6
      Params:         0       0       0       0       0       0       0       0
      Locals:         0       0       0       0       0       0       0       0
      Temps:          0       0       0       0       0       0       0       0
      Totals:         0       0       0       0       0       0       0       0
Total ram usage:        0 bytes
 Hardware stack levels used:    1
 Hardware stack levels required when called:    2
 This function calls:
		_I2C_Master_Wait
 This function is called by:
		_LM49450_write
 This function uses a non-reentrant model


 *************** function _I2C_Master_Wait *****************
 Defined at:
		line 53 in file "I2C.c"
 Parameters:    Size  Location     Type
		None
 Auto vars:     Size  Location     Type
		None
 Return value:  Size  Location     Type
                  1    wreg      void 
 Registers used:
		wreg, status,2
 Tracked objects:
		On entry : 
		On exit  : 
		Unchanged: 
 Data sizes:     COMMON   BANK0   BANK1   BANK2   BANK3   BANK4   BANK5   BANK6
      Params:         0       0       0       0       0       0       0       0
      Locals:         0       0       0       0       0       0       0       0
      Temps:          0       0       0       0       0       0       0       0
      Totals:         0       0       0       0       0       0       0       0
Total ram usage:        0 bytes
 Hardware stack levels used:    1
 Hardware stack levels required when called:    1
 This function calls:
		Nothing
 This function is called by:
		_I2C_Master_Start
		_I2C_Master_Stop
		_I2C_Master_Write
		_I2C_Master_Repeated_Start
		_I2C_Master_Read
 This function uses a non-reentrant model


 *************** function _I2C_Master_Init *****************
 Defined at:
		line 45 in file "I2C.c"
 Parameters:    Size  Location     Type
  clk             4    0[BANK0 ] const unsigned long 
 Auto vars:     Size  Location     Type
		None
 Return value:  Size  Location     Type
                  1    wreg      void 
 Registers used:
		wreg, status,2, status,0, pclath, cstack
 Tracked objects:
		On entry : 
		On exit  : 
		Unchanged: 
 Data sizes:     COMMON   BANK0   BANK1   BANK2   BANK3   BANK4   BANK5   BANK6
      Params:         0       4       0       0       0       0       0       0
      Locals:         0       0       0       0       0       0       0       0
      Temps:          0       4       0       0       0       0       0       0
      Totals:         0       8       0       0       0       0       0       0
Total ram usage:        8 bytes
 Hardware stack levels used:    1
 Hardware stack levels required when called:    2
 This function calls:
		___lldiv
 This function is called by:
		_main
 This function uses a non-reentrant model


 *************** function ___lldiv *****************
 Defined at:
		line 5 in file "C:\Program Files (x86)\Microchip\xc8\v2.10\pic\sources\c90\common\__lldiv.c"
 Parameters:    Size  Location     Type
  divisor         4    0[COMMON] unsigned long 
  dividend        4    4[COMMON] unsigned long 
 Auto vars:     Size  Location     Type
  quotient        4    9[COMMON] unsigned long 
  counter         1   13[COMMON] unsigned char 
 Return value:  Size  Location     Type
                  4    0[COMMON] unsigned long 
 Registers used:
		wreg, status,2, status,0
 Tracked objects:
		On entry : 
		On exit  : 
		Unchanged: 
 Data sizes:     COMMON   BANK0   BANK1   BANK2   BANK3   BANK4   BANK5   BANK6
      Params:         8       0       0       0       0       0       0       0
      Locals:         5       0       0       0       0       0       0       0
      Temps:          1       0       0       0       0       0       0       0
      Totals:        14       0       0       0       0       0       0       0
Total ram usage:       14 bytes
 Hardware stack levels used:    1
 Hardware stack levels required when called:    1
 This function calls:
		Nothing
 This function is called by:
		_I2C_Master_Init
 This function uses a non-reentrant model


 *************** function _ISR *****************
 Defined at:
		line 40 in file "main.c"
 Parameters:    Size  Location     Type
		None
 Auto vars:     Size  Location     Type
		None
 Return value:  Size  Location     Type
                  1    wreg      void 
 Registers used:
		wreg
 Tracked objects:
		On entry : 
		On exit  : 
		Unchanged: 
 Data sizes:     COMMON   BANK0   BANK1   BANK2   BANK3   BANK4   BANK5   BANK6
      Params:         0       0       0       0       0       0       0       0
      Locals:         0       0       0       0       0       0       0       0
      Temps:          0       0       0       0       0       0       0       0
      Totals:         0       0       0       0       0       0       0       0
Total ram usage:        0 bytes
 Hardware stack levels used:    1
 This function calls:
		Nothing
 This function is called by:
		Interrupt level 1
 This function uses a non-reentrant model



MODULE INFORMATION

Module		Function		Class		Link	Load	Size
LM49450.c
		_LM49450_write 		CODE           	0455	0000	21
		_LM49450_PS2_init		CODE           	03AF	0000	40
		_LM49450_Wii_init		CODE           	03D6	0000	38
		_LM49450_analog_init		CODE           	047F	0000	11
		_LM49450_DC_init		CODE           	03FB	0000	38

LM49450.c estimated size: 148

time.c
		_timer_diff    		CODE           	043F	0000	23
		_get_time      		CODE           	0475	0000	11

time.c estimated size: 34

I2C.c
		_I2C_Master_Wait		CODE           	0469	0000	13
		_I2C_Master_Init		CODE           	0381	0000	47
		_I2C_Master_Stop		CODE           	04A6	0000	7
		_I2C_Master_Write		CODE           	0491	0000	9
		_I2C_Master_Start		CODE           	04AC	0000	7

I2C.c estimated size: 83

PPS.c
		_PPS_lock      		CODE           	0489	0000	9
		_PPS_unlock    		CODE           	0499	0000	8

PPS.c estimated size: 17

C:\Program Files (x86)\Microchip\xc8\v2.10\pic\sources\c90\common\__lldiv.c
		___lldiv       		CODE           	0327	0000	91

C:\Program Files (x86)\Microchip\xc8\v2.10\pic\sources\c90\common\__lldiv.c estimated size: 91

shared
		__initialization		CODE           	001E	0000	25

shared estimated size: 25

main.c
		_ISR           		CODE           	0004	0000	25
		_main          		CODE           	003A	0000	750
		_PIC_SETUP     		CODE           	0420	0000	32

main.c estimated size: 807

